THE CONCEPT: COMPONENT STATE, PERMISSIONS, AND THE RISK OF SUDO
=============================================================

1. THE CENTRALIZED SERVICE CONCEPT (ENTERPRISE ARCHITECTURE)
-------------------------------------------------------------
In industry-level applications, passing data manually through HTML properties 
using @Input() ("prop drilling") becomes unmaintainable. 

* The Standard: Use Services to centralize application state.
* The Flow: Instantiate the service class via Dependency Injection in the 
  component's constructor (or via inject()). Use the service values directly.
* Reactive State: In production, wrap data inside RxJS Observables or 
  Angular Signals rather than standard primitive variables.
* When to still use @Input(): Only for pure, reusable UI elements (like buttons 
  or spinners) that do not care about global application state.

Example of the method breakdown:
getHousingLocationById(id: number): HousingLocation | undefined {
     return this.housingLocationList.find(location => location.id === id);
}
* id: number -> The ID number passed to the lookup method.
* : HousingLocation | undefined -> Return type safety constraint.
* .find() -> JavaScript array loop that halts the moment a match is met.
* location => location.id === id -> The arrow function criteria condition.


2. THE PERMISSIONS CONCEPT: THE LANDLORD AND THE OFFICE ANALOGY
-------------------------------------------------------------
Imagine your MacBook operating system is an office building, and your 
project workspace folder is an office space you are renting.

* You (whoami / regular user) -> The employee working in the office.
* sudo (Root Account) -> The Master Landlord with absolute keys to everything.
* npm install -> A third-party delivery crew installing tools (node_modules).

What Went Wrong Originally:
The delivery crew tried to install dependencies. They hit a minor file lock 
permission issue or tree conflict. Instead of reporting the lock clearly, 
NPM panicked and threw a misleading 'ERESOLVE dependency tree' error.

The Sudo Action (The Security Risk):
You used 'sudo npm install'. The Master Landlord (sudo) marched in with absolute 
authority, bypassed all folder locks, and forced the installation.
* The Catch: Because the Landlord installed them, the root account now legally 
  "owns" those files. You can't modify them tomorrow without asking permission.
* The OS Risk: You gave an untrusted delivery crew (third-party package scripts) 
  full administrator access to your machine's foundation. If a package contains 
  malicious code, it gains root access to exploit your OS.

The Chown Solution (Restoring Order):
Running 'sudo chown -R $(whoami) .' is the equivalent of demanding: 
"Hand the ownership papers and workspace keys back to my regular user profile."

[Root Account]  ─── chown (Hand over ownership) ───>  [rehaan Account]
(Dangerous for dev)                                    (Safe & Standard)

Rule of Thumb: 'sudo' is for system-wide configs. Your regular user account 
must own everything inside your coding directories.
